## Booting kernel from Legacy Image at 03000000 ...
   Image Name:   Linux-5.4.0-xilinx-v2020.2
   Image Type:   ARM Linux Kernel Image (uncompressed)
   Data Size:    4326944 Bytes = 4.1 MiB
   Load Address: 00200000
   Entry Point:  00200000
   Verifying Checksum ... OK
## Flattened Device Tree blob at 02c00000
   Booting using the fdt blob at 0x2c00000
   Loading Kernel Image
   Loading Device Tree to 0eb00000, end 0eb07e91 ... OK

Starting kernel ...

Booting Linux on physical CPU 0x0
Linux version 5.4.0-xilinx-v2020.2 (oe-user@oe-host) (gcc version 9.2.0 (GCC)) #1 SMP PREEMPT Fri Feb 12 10:56:17 UTC 2021
CPU: ARMv7 Processor [413fc090] revision 0 (ARMv7), cr=18c5387d
CPU: PIPT / VIPT nonaliasing data cache, VIPT aliasing instruction cache
OF: fdt: Machine model: Zynq Zed Development Board
earlycon: cdns0 at MMIO 0xe0001000 (options '115200n8')
printk: bootconsole [cdns0] enabled
Memory policy: Data cache writealloc
cma: Reserved 16 MiB at 0x0f000000
On node 0 totalpages: 65536
  Normal zone: 576 pages used for memmap
  Normal zone: 0 pages reserved
  Normal zone: 65536 pages, LIFO batch:15
percpu: Embedded 15 pages/cpu s31948 r8192 d21300 u61440
pcpu-alloc: s31948 r8192 d21300 u61440 alloc=15*4096
pcpu-alloc: [0] 0 [0] 1 
Built 1 zonelists, mobility grouping on.  Total pages: 64960
Kernel command line: clk-ignore-unused debug memblock-debug console=ttyPS0,115200 root=/dev/mmcblk0p2 rw earlyprintk earlycon loglevel=8 rootfstype=ext4 root
wait
Dentry cache hash table entries: 32768 (order: 5, 131072 bytes, linear)
Inode-cache hash table entries: 16384 (order: 4, 65536 bytes, linear)
mem auto-init: stack:off, heap alloc:off, heap free:off
Memory: 231920K/262144K available (6144K kernel code, 217K rwdata, 1844K rodata, 1024K init, 131K bss, 13840K reserved, 16384K cma-reserved, 0K highmem)
rcu: Preemptible hierarchical RCU implementation.
rcu:    RCU restricting CPUs from NR_CPUS=4 to nr_cpu_ids=2.
        Tasks RCU enabled.
rcu: RCU calculated value of scheduler-enlistment delay is 10 jiffies.
rcu: Adjusting geometry for rcu_fanout_leaf=16, nr_cpu_ids=2
NR_IRQS: 16, nr_irqs: 16, preallocated irqs: 16
efuse mapped to (ptrval)
slcr mapped to (ptrval)
L2C: platform modifies aux control register: 0x72360000 -> 0x72760000
L2C: DT/platform modifies aux control register: 0x72360000 -> 0x72760000
L2C-310 erratum 769419 enabled
L2C-310 enabling early BRESP for Cortex-A9
L2C-310 full line of zeros enabled for Cortex-A9
L2C-310 ID prefetch enabled, offset 1 lines
L2C-310 dynamic clock gating enabled, standby mode enabled
L2C-310 cache controller enabled, 8 ways, 512 kB
L2C-310: CACHE_ID 0x410000c8, AUX_CTRL 0x76760001
random: get_random_bytes called from start_kernel+0x260/0x440 with crng_init=0
zynq_clock_init: clkc starts at (ptrval)
Zynq clock init
sched_clock: 64 bits at 333MHz, resolution 3ns, wraps every 4398046511103ns
clocksource: arm_global_timer: mask: 0xffffffffffffffff max_cycles: 0x4ce07af025, max_idle_ns: 440795209040 ns
Switching to timer-based delay loop, resolution 3ns
Console: colour dummy device 80x30
Calibrating delay loop (skipped), value calculated using timer frequency.. 666.66 BogoMIPS (lpj=3333333)
pid_max: default: 32768 minimum: 301
Mount-cache hash table entries: 1024 (order: 0, 4096 bytes, linear)
Mountpoint-cache hash table entries: 1024 (order: 0, 4096 bytes, linear)
CPU: Testing write buffer coherency: ok
CPU0: Spectre v2: using BPIALL workaround
CPU0: thread -1, cpu 0, socket 0, mpidr 80000000
Setting up static identity map for 0x100000 - 0x100060
rcu: Hierarchical SRCU implementation.
smp: Bringing up secondary CPUs ...
CPU1: thread -1, cpu 1, socket 0, mpidr 80000001
CPU1: Spectre v2: using BPIALL workaround
smp: Brought up 1 node, 2 CPUs
SMP: Total of 2 processors activated (1333.33 BogoMIPS).
CPU: All CPU(s) started in SVC mode.
devtmpfs: initialized
VFP support v0.3: implementor 41 architecture 3 part 30 variant 9 rev 4
clocksource: jiffies: mask: 0xffffffff max_cycles: 0xffffffff, max_idle_ns: 19112604462750000 ns
futex hash table entries: 512 (order: 3, 32768 bytes, linear)
pinctrl core: initialized pinctrl subsystem
NET: Registered protocol family 16
DMA: preallocated 256 KiB pool for atomic coherent allocations
cpuidle: using governor menu
hw-breakpoint: found 5 (+1 reserved) breakpoint and 1 watchpoint registers.
hw-breakpoint: maximum watchpoint size is 4 bytes.
zynq-ocm f800c000.ocmc: ZYNQ OCM pool: 256 KiB @ 0x(ptrval)
e0001000.serial: ttyPS0 at MMIO 0xe0001000 (irq = 24, base_baud = 6249999) is a xuartps
printk: console [ttyPS0] enabled
printk: console [ttyPS0] enabled
printk: bootconsole [cdns0] disabled
printk: bootconsole [cdns0] disabled
vgaarb: loaded
SCSI subsystem initialized
usbcore: registered new interface driver usbfs
usbcore: registered new interface driver hub
usbcore: registered new device driver usb
mc: Linux media interface: v0.10
videodev: Linux video capture interface: v2.00
pps_core: LinuxPPS API ver. 1 registered
pps_core: Software ver. 5.3.6 - Copyright 2005-2007 Rodolfo Giometti <giometti@linux.it>
PTP clock support registered
EDAC MC: Ver: 3.0.0
FPGA manager framework
Advanced Linux Sound Architecture Driver Initialized.
clocksource: Switched to clocksource arm_global_timer
thermal_sys: Registered thermal governor 'step_wise'
NET: Registered protocol family 2
tcp_listen_portaddr_hash hash table entries: 512 (order: 0, 6144 bytes, linear)
TCP established hash table entries: 2048 (order: 1, 8192 bytes, linear)
TCP bind hash table entries: 2048 (order: 2, 16384 bytes, linear)
TCP: Hash tables configured (established 2048 bind 2048)
UDP hash table entries: 256 (order: 1, 8192 bytes, linear)
UDP-Lite hash table entries: 256 (order: 1, 8192 bytes, linear)
NET: Registered protocol family 1
RPC: Registered named UNIX socket transport module.
RPC: Registered udp transport module.
RPC: Registered tcp transport module.
RPC: Registered tcp NFSv4.1 backchannel transport module.
PCI: CLS 0 bytes, default 64
hw perfevents: no interrupt-affinity property for /pmu@f8891000, guessing.
hw perfevents: enabled with armv7_cortex_a9 PMU driver, 7 counters available
workingset: timestamp_bits=14 max_order=16 bucket_order=2
jffs2: version 2.2. (NAND) (SUMMARY)  �© 2001-2006 Red Hat, Inc.
io scheduler mq-deadline registered
io scheduler kyber registered
zynq-pinctrl 700.pinctrl: zynq pinctrl initialized
dma-pl330 f8003000.dmac: Loaded driver for PL330 DMAC-241330
dma-pl330 f8003000.dmac:        DBUFF-128x8bytes Num_Chans-8 Num_Peri-4 Num_Events-16
brd: module loaded
loop: module loaded
libphy: Fixed MDIO Bus: probed
CAN device driver interface
libphy: MACB_mii_bus: probed
Generic PHY e000b000.ethernet-ffffffff:00: attached PHY driver [Generic PHY] (mii_bus:phy_addr=e000b000.ethernet-ffffffff:00, irq=POLL)
macb e000b000.ethernet eth0: Cadence GEM rev 0x00020118 at 0xe000b000 irq 26 (00:0a:35:24:4b:07)
e1000e: Intel(R) PRO/1000 Network Driver - 3.2.6-k
e1000e: Copyright(c) 1999 - 2015 Intel Corporation.
ehci_hcd: USB 2.0 'Enhanced' Host Controller (EHCI) Driver
ehci-pci: EHCI PCI platform driver
usbcore: registered new interface driver usb-storage
i2c /dev entries driver
cdns-wdt f8005000.watchdog: Xilinx Watchdog Timer with timeout 10s
EDAC MC: ECC not enabled
Xilinx Zynq CpuIdle Driver started
sdhci: Secure Digital Host Controller Interface driver
sdhci: Copyright(c) Pierre Ossman
sdhci-pltfm: SDHCI platform and OF driver helper
mmc0: SDHCI controller on e0100000.mmc [e0100000.mmc] using ADMA
ledtrig-cpu: registered to indicate activity on CPUs
clocksource: ttc_clocksource: mask: 0xffff max_cycles: 0xffff, max_idle_ns: 537538477 ns
timer #0 at (ptrval), irq=39
usbcore: registered new interface driver usbhid
usbhid: USB HID core driver
nand: device found, Manufacturer ID: 0xef, Chip ID: 0xf1
nand: Winbond W29N01HV
nand: 128 MiB, SLC, erase size: 128 KiB, page size: 2048, OOB size: 64
Bad block table found at page 65472, version 0x01
Bad block table found at page 65408, version 0x01
nand_read_bbt: bad block at 0x000007f60000
nand_read_bbt: bad block at 0x000007f80000
nand_read_bbt: bad block at 0x000007fa0000
nand_read_bbt: bad block at 0x000007fc0000
fpga_manager fpga0: Xilinx Zynq FPGA Manager registered
NET: Registered protocol family 10
Segment Routing with IPv6
sit: IPv6, IPv4 and MPLS over IPv4 tunneling driver
NET: Registered protocol family 17
can: controller area network core (rev 20170425 abi 9)
NET: Registered protocol family 29
can: raw protocol (rev 20170425)
can: broadcast manager protocol (rev 20170425 t)
can: netlink gateway (rev 20190810) max_hops=1
Registering SWP/SWPB emulation handler
of-fpga-region fpga-full: FPGA Region probed
hctosys: unable to open rtc device (rtc0)
of_cfs_init
mmc0: new high speed SDHC card at address 59b4
of_cfs_init: OK
clk: Not disabling unused clocks
ALSA device list:
  No soundcards found.
mmcblk0: mmc0:59b4 SD    7.36 GiB 
 mmcblk0: p1 p2 p3
EXT4-fs (mmcblk0p2): recovery complete
EXT4-fs (mmcblk0p2): mounted filesystem with ordered data mode. Opts: (null)
VFS: Mounted root (ext4 filesystem) on device 179:2.
devtmpfs: mounted
Freeing unused kernel memory: 1024K
Run /sbin/init as init process
random: fast init done
INIT: version 2.88 booting
Starting udev
udevd[71]: starting version 3.2.8
random: udevd: uninitialized urandom read (16 bytes read)
random: udevd: uninitialized urandom read (16 bytes read)
random: udevd: uninitialized urandom read (16 bytes read)
udevd[72]: starting eudev-3.2.8
FAT-fs (mmcblk0p1): Volume was not properly unmounted. Some data may be corrupt. Please run fsck.
EXT4-fs (mmcblk0p3): recovery complete
EXT4-fs (mmcblk0p3): mounted filesystem with ordered data mode. Opts: (null)
EXT4-fs (mmcblk0p2): re-mounted. Opts: (null)
hwclock: can't open '/dev/misc/rtc': No such file or directory
Mon Feb 15 02:42:21 UTC 2021
hwclock: can't open '/dev/misc/rtc': No such file or directory
urandom_read: 2 callbacks suppressed
random: dd: uninitialized urandom read (512 bytes read)
INIT: Entering runlevel: 5
Configuring network interfaces... macb e000b000.ethernet eth0: unable to generate target frequency: 25000000 Hz
macb e000b000.ethernet eth0: link up (100/Full)
IPv6: ADDRCONF(NETDEV_CHANGE): eth0: link becomes ready
udhcpc: started, v1.31.0
udhcpc: sending discover
udhcpc: sending select for 192.168.178.151
udhcpc: lease of 192.168.178.151 obtained, lease time 864000
/etc/udhcpc.d/50default: Adding DNS 192.168.178.1
done.
Starting haveged: haveged: listening socket at 3
haveged: haveged starting up


Starting Dropbear SSH server: random: dropbear: uninitialized urandom read (32 bytes read)
dropbear.
hwclock: can't open '/dev/misc/rtc': No such file or directory
Starting internet superserver: inetd.
Starting syslogd/klogd: done
Starting tcf-agent: OK

PetaLinux 2020.2 ebaz-4205-djrm /dev/ttyPS0

ebaz-4205-djrm login: random: crng init done

